
> zodzy-autonomous-crm-suite@0.0.0 build
> vite build

[36mvite v6.4.1 [32mbuilding for production...[36m[39m
transforming...
[32mΓ£ô[39m 3 modules transformed.
node.exe : 
[31mΓ£ù[39m Build 
failed in 67ms
At line:1 char:1
+ & "C:\Program Files
\nodejs/node.exe" 
"C:\Program 
Files\nodejs/node_mo 
...
+ ~~~~~~~~~~~~~~~~~~~
~~~~~~~~~~~~~~~~~~~~~
~~~~~~~~~~~~~~~~~~~~~
~~~~~~~~
    + CategoryInfo   
           : NotSpe  
  cified: ([31mΓ£   
 ù[39m Build fai    
led in 67ms:Stri    
ng) [], RemoteEx    
ception
    + FullyQualified 
   ErrorId : Native  
  CommandError
 
[31merror during 
build:
[31m[vite:esbuild] 
Transform failed 
with 1 error:
C:/Users/balur/Downlo
ads/zodzy-_-autonomou
s-crm-suite/App.tsx:4
:0: ERROR: 
Unexpected "<<"[31m
file: [36mC:/Users/b
alur/Downloads/zodzy-
_-autonomous-crm-suit
e/App.tsx:4:0[31m
[33m
[33mUnexpected 
"<<"[33m
2  |  import React, 
{ useState, 
useCallback, 
useEffect } from 
'react';
3  |  import { User, 
Lead, LeadStatus, 
AppView, SystemAlert 
} from './types';
4  |  <<<<<<< HEAD
   |  ^
5  |  import { 
fetchAllState, 
loginUser, 
submitLead, 
updateTask } from './
services/leadService'
;
6  |  =======
[31m
    at 
failureErrorWithLog (
C:\Users\balur\Downlo
ads\zodzy-_-autonomou
s-crm-suite\node_modu
les\esbuild\lib\main.
js:1467:15)
    at C:\Users\balur
\Downloads\zodzy-_-au
tonomous-crm-suite\no
de_modules\esbuild\li
b\main.js:736:50
    at responseCallba
cks.<computed> (C:\Us
ers\balur\Downloads\z
odzy-_-autonomous-crm
-suite\node_modules\e
sbuild\lib\main.js:60
3:9)
    at 
handleIncomingPacket 
(C:\Users\balur\Downl
oads\zodzy-_-autonomo
us-crm-suite\node_mod
ules\esbuild\lib\main
.js:658:12)
    at Socket.readFro
mStdout (C:\Users\bal
ur\Downloads\zodzy-_-
autonomous-crm-suite\
node_modules\esbuild\
lib\main.js:581:7)
    at Socket.emit 
(node:events:519:28)
    at addChunk (node
:internal/streams/rea
dable:561:12)
    at readableAddChu
nkPushByteMode (node:
internal/streams/read
able:512:3)
    at Readable.push 
(node:internal/stream
s/readable:392:5)
    at 
Pipe.onStreamRead (no
de:internal/stream_ba
se_commons:189:23)[3
9m
