components/LeadAnalytics.tsx(7,28): error TS1109: Expression expected.
components/LeadAnalytics.tsx(8,1): error TS1185: Merge conflict marker encountered.
components/LeadAnalytics.tsx(398,1): error TS1005: '}' expected.
components/TaskSummaryView.tsx(23,1): error TS1185: Merge conflict marker encountered.
components/TaskSummaryView.tsx(436,1): error TS1005: '}' expected.
services/leadService.ts(195,1): error TS1005: '}' expected.
